RAM Allocation [bytes]
Variable                                                                          Address   Size
------------------------------------------------------------------------------------------------

EEPROM Allocation [bytes]
Variable                                                                          Address   Size
------------------------------------------------------------------------------------------------

Register Allocation
Variable                                                                          Register  Size
------------------------------------------------------------------------------------------------
temp                                                                              R5           1
i                                                                                 R4           1

FLASH Allocation [words]
Function                                                                          Address   Size
------------------------------------------------------------------------------------------------
main                                                                              0x00062    127
check_4008                                                                        0x000E1    225
check_4002                                                                        0x001C2    138
check_4006                                                                        0x0024C    126
check_4007                                                                        0x002CA     46
check_4009                                                                        0x002F8     96
check_4010                                                                        0x00358    100
