RAM Allocation [bytes]
Variable                                                                          Address   Size
------------------------------------------------------------------------------------------------
arr1                                                                              0x0260       4
arr2                                                                              0x0264       4
arr3                                                                              0x0268       5

EEPROM Allocation [bytes]
Variable                                                                          Address   Size
------------------------------------------------------------------------------------------------

Register Allocation
Variable                                                                          Register  Size
------------------------------------------------------------------------------------------------
test                                                                              R5           1
flag                                                                              R4           1
temp                                                                              R7           1
i1                                                                                R6           1
i2                                                                                R9           1
a                                                                                 R8           1
b                                                                                 R11          1

FLASH Allocation [words]
Function                                                                          Address   Size
------------------------------------------------------------------------------------------------
main                                                                              0x0005C    279

FLASH Allocation [words]
Function                                                                          Address   Size
------------------------------------------------------------------------------------------------
main                                                                              0x0005C    279
